  console.log
    [MockFetch] Request: https://rest.uniprot.org/uniprotkb/P38398.json

      at mockImpl (src/lib/__tests__/mocks/external-apis.ts:8:13)

  console.log
    [MockFetch] Request: https://rest.uniprot.org/uniprotkb/search?query=gene:FAKEGENE+AND+reviewed:true&format=json&limit=1

      at mockImpl (src/lib/__tests__/mocks/external-apis.ts:8:13)

node.exe : FAIL 
src/app/api/__tests__/variant.test.ts
At line:1 char:1
+ & "C:\Program Files\nodejs/node.exe" 
"C:\Program Files\nodejs/node_mo ...
+ ~~~~~~~~~~~~~~~~~~~~~~~~~~~~~~~~~~~~~~~~~~~
~~~~~~~~~~~~~~~~~~~~~~~~~~
    + CategoryInfo          : NotSpecified:  
   (FAIL src/app/ap...variant.test.ts:Strin  
  g) [], RemoteException
    + FullyQualifiedErrorId : NativeCommandE 
   rror
 
  POST /api/variant
    ├ù returns 200 for valid variant (192 ms)
    ΓêÜ returns 400 for invalid HGVS (12 ms)
    ΓêÜ returns 404 or 500 for unknown 
variant (13 ms)
    ├ù returns 429 when rate limited (89 ms)
    ΓêÜ respects format parameter (17 ms)

  ΓùÅ POST /api/variant ΓÇ║ returns 200 for 
valid variant

    expect(received).toBe(expected) // 
Object.is equality

    Expected: 200
    Received: 400

    [0m [90m 22 |[39m       
[33m.[39msend({ hgvs[33m:[39m 
[32m'BRCA1:p.Cys61Gly'[39m })[33m;[39m
     [90m 23 |[39m
    [31m[1m>[22m[39m[90m 24 |[39m     e
xpect(response[33m.[39mstatus)[33m.[39mto
Be([35m200[39m)[33m;[39m
     [90m    |[39m                         
    [31m[1m^[22m[39m
     [90m 25 |[39m     [90m// Route 
normalizes variant to short form[39m
     [90m 26 |[39m     expect(response[33m
.[39mbody)[33m.[39mtoHaveProperty([32m'va
riant'[39m)[33m;[39m
     [90m 27 |[39m     expect(response[33m
.[39mbody[33m.[39mvariant)[33m.[39mtoMat
ch([35m/BRCA1:p\.(C61G|Cys61Gly)/[39m)[33m
;[39m[0m

      at Object.<anonymous> 
(src/app/api/__tests__/variant.test.ts:24:29)

  ΓùÅ POST /api/variant ΓÇ║ returns 429 when 
rate limited

    expect(received).toBe(expected) // 
Object.is equality

    Expected: 429
    Received: 400

    [0m [90m 58 |[39m       
[33m.[39msend({ hgvs[33m:[39m 
[32m'BRCA1:p.Cys61Gly'[39m })[33m;[39m
     [90m 59 |[39m
    [31m[1m>[22m[39m[90m 60 |[39m     e
xpect(response[33m.[39mstatus)[33m.[39mto
Be([35m429[39m)[33m;[39m
     [90m    |[39m                         
    [31m[1m^[22m[39m
     [90m 61 |[39m     expect(response[33m
.[39mheaders[[32m'retry-after'[39m])[33m.
[39mtoBeDefined()[33m;[39m
     [90m 62 |[39m   })[33m;[39m
     [90m 63 |[39m[0m

      at Object.<anonymous> 
(src/app/api/__tests__/variant.test.ts:60:29)

Test Suites: 1 failed, 1 total
Tests:       2 failed, 3 passed, 5 total
Snapshots:   0 total
Time:        3.101 s
Ran all test suites matching 
/src\\app\\api\\__tests__\\variant.test.ts/i.
