src/app/page.tsx(101,51): error TS2719: Type 'HonestReportData' is not assignable to type 'HonestReportData'. Two different types with this name exist, but they are unrelated.
  The types of 'coverage.structure.status' are incompatible between these types.
    Type 'string' is not assignable to type '"experimental" | "predicted" | "none"'.
src/lib/__tests__/mocks/external-apis.ts(77,10): error TS2305: Module '"../../agents/agents"' has no exported member 'openai'.
src/lib/__tests__/structure.test.ts(60,14): error TS18047: 'result' is possibly 'null'.
src/lib/__tests__/structure.test.ts(68,14): error TS18047: 'result' is possibly 'null'.
src/lib/agents/agents.ts(80,12): error TS18048: 'provider.model' is possibly 'undefined'.
src/lib/agents/index.ts(64,11): error TS2322: Type 'unknown' is not assignable to type 'string'.
src/lib/agents/index.ts(69,11): error TS2322: Type 'unknown' is not assignable to type 'string[]'.
src/lib/agents/index.ts(70,11): error TS2322: Type 'unknown' is not assignable to type 'string'.
